// Jest Snapshot v1, https://goo.gl/fbAQLP

exports[`ClearButton renders 1`] = `
<OperationButton
  reasonProps={
    Array [
      1,
      "css-1gxh4ww css-1eo5al3",
      [Function],
    ]
  }
/>
`;
