// Jest Snapshot v1, https://goo.gl/fbAQLP

exports[`Svg renders 1`] = `
<div
  className={
    Object {
      "data-css-citqzf": "",
    }
  }
>
  <svg
    enableBackground="new 0 0 64 64"
    viewBox="0 0 64 64"
    xmlns="http://www.w3.org/2000/svg"
  >
    <g />
    <path />
  </svg>
</div>
`;
